Usage: ./mytr STRING1 STRING2
       ./mytr -d STRING
